<html>
<body>
<pre>
<h1>µVision Build Log</h1>
<h2>Project:</h2>
C:\Users\Admin\Desktop\MAHA\M1_Board _adc&dac\M1_Board\M1_test.uvproj
Project File Date:  08/04/2025

<h2>Output:</h2>
Rebuild target 'Target 1'
assembling startup_LPC17xx.s...
compiling can.c...
compiling command_processor.c...
command_processor.c(8): warning:  #47-D: incompatible redefinition of macro "ERR_INVALID_LENGTH" (declared at line 18 of "command_processor.h")
  #define ERR_INVALID_LENGTH 0xE1
command_processor.c(11): warning:  #47-D: incompatible redefinition of macro "ERR_INVALID_CH" (declared at line 20 of "command_processor.h")
  #define ERR_INVALID_CH 0xE7
command_processor.c(64): warning:  #177-D: variable "adc_val" was declared but never referenced
      uint16_t adc_val;
command_processor.c: 3 warnings, 0 errors
compiling gpio.c...
compiling main.c...
compiling system_LPC17xx 2.c...
compiling uart.c...
compiling adc.c...
compiling dac.c...
compiling spi.c...
spi.c(40): warning:  #61-D: integer operation result is out of range
      LPC_PINCON->PINSEL0 &= ~(3 << 30);
spi.c(41): warning:  #61-D: integer operation result is out of range
      LPC_PINCON->PINSEL0 |=  (2 << 30);
spi.c(41): warning:  #68-D: integer conversion resulted in a change of sign
      LPC_PINCON->PINSEL0 |=  (2 << 30);
spi.c: 3 warnings, 0 errors
linking...
Program Size: Code=5296 RO-data=236 RW-data=36 ZI-data=2836  
FromELF: creating hex file...
".\M1_test.axf" - 0 Error(s), 6 Warning(s).
Load "C:\\Users\\Admin\\Desktop\\MAHA\\M1_Board _adc&dac\\M1_Board\\M1_test.axf" 
Set JLink Project File to "C:\Users\Admin\Desktop\MAHA\M1_Board _adc&dac\M1_Board\JLinkSettings.ini"
* JLink Info: Device "LPC1768" selected (512 KB flash, 32 KB RAM).
 
JLink info:
------------
DLL: V4.80g, compiled Feb 13 2014 20:50:02
Firmware: J-Link V10 compiled Jan 30 2023 11:28:07
Hardware: V10.10
S/N : 260118151 
OEM : SEGGER-EDU 
Feature(s) : FlashBP, GDB 
 
* JLink Info: Found SWD-DP with ID 0x2BA01477
* JLink Info: Found Cortex-M3 r2p0, Little endian.
* JLink Info: FPUnit: 6 code (BP) slots and 2 literal slots
* JLink Info: TPIU fitted.
* JLink Info: ETM fitted.
ROMTableAddr = 0xE00FF003
 
Target info:
------------
Device: LPC1768
VTarget = 3.322V
State of Pins: 
TCK: 0, TDI: 1, TDO: 0, TMS: 1, TRES: 1, TRST: 0
Hardware-Breakpoints: 6
Software-Breakpoints: 8192
Watchpoints:          4
JTAG speed: 2000 kHz
 
Erase Done.
Programming Done.
Verify OK.
Load "C:\\Users\\Admin\\Desktop\\MAHA\\M1_Board _adc&dac\\M1_Board\\M1_test.axf" 
Set JLink Project File to "C:\Users\Admin\Desktop\MAHA\M1_Board _adc&dac\M1_Board\JLinkSettings.ini"
* JLink Info: Device "LPC1768" selected (512 KB flash, 32 KB RAM).
 
JLink info:
------------
DLL: V4.80g, compiled Feb 13 2014 20:50:02
Firmware: J-Link V10 compiled Jan 30 2023 11:28:07
Hardware: V10.10
S/N : 260118151 
OEM : SEGGER-EDU 
Feature(s) : FlashBP, GDB 
 
* JLink Info: Found SWD-DP with ID 0x2BA01477
* JLink Info: Found Cortex-M3 r2p0, Little endian.
* JLink Info: FPUnit: 6 code (BP) slots and 2 literal slots
* JLink Info: TPIU fitted.
* JLink Info: ETM fitted.
ROMTableAddr = 0xE00FF003
 
Target info:
------------
Device: LPC1768
VTarget = 3.322V
State of Pins: 
TCK: 0, TDI: 1, TDO: 0, TMS: 1, TRES: 1, TRST: 0
Hardware-Breakpoints: 6
Software-Breakpoints: 8192
Watchpoints:          4
JTAG speed: 2000 kHz
 
Erase Done.
Programming Done.
Verify OK.
</pre>
</body>
</html>
