<html>
<body>
<pre>
<h1>µVision Build Log</h1>
<h2>Project:</h2>
C:\Users\Admin\Desktop\MAHA\M2_BOARD _done\M2_BOARD\M2_test.uvproj
Project File Date:  08/13/2025

<h2>Output:</h2>
Rebuild target 'Target 1'
assembling startup_LPC17xx.s...
compiling main.c...
compiling uart.c...
compiling can.c...
compiling gpio.c...
compiling command_processor.c...
compiling dac.c...
dac.c(57): warning:  #1-D: last line of file ends without a newline
  }
dac.c: 1 warning, 0 errors
compiling spi.c...
spi.c(24): warning:  #61-D: integer operation result is out of range
      LPC_PINCON->PINSEL0 &= ~(3 << 30);  // Clear P0.15
spi.c(25): warning:  #61-D: integer operation result is out of range
      LPC_PINCON->PINSEL0 |=  (2 << 30);  // SCK0
spi.c(25): warning:  #68-D: integer conversion resulted in a change of sign
      LPC_PINCON->PINSEL0 |=  (2 << 30);  // SCK0
spi.c: 3 warnings, 0 errors
compiling system_LPC17xx 2.c...
linking...
Program Size: Code=5156 RO-data=236 RW-data=36 ZI-data=2836  
FromELF: creating hex file...
".\M2_test.axf" - 0 Error(s), 4 Warning(s).
Load "C:\\Users\\Admin\\Desktop\\MAHA\\M2_BOARD _done\\M2_BOARD\\M2_test.axf" 
Set JLink Project File to "C:\Users\Admin\Desktop\MAHA\M2_BOARD _done\M2_BOARD\JLinkSettings.ini"
* JLink Info: Device "LPC1768" selected (512 KB flash, 32 KB RAM).
 
JLink info:
------------
DLL: V4.80g, compiled Feb 13 2014 20:50:02
Firmware: J-Link V10 compiled Jan 30 2023 11:28:07
Hardware: V10.10
S/N : 260118151 
OEM : SEGGER-EDU 
Feature(s) : FlashBP, GDB 
 
* JLink Info: Found SWD-DP with ID 0x2BA01477
* JLink Info: Found Cortex-M3 r2p0, Little endian.
* JLink Info: FPUnit: 6 code (BP) slots and 2 literal slots
* JLink Info: TPIU fitted.
* JLink Info: ETM fitted.
ROMTableAddr = 0xE00FF003
 
Target info:
------------
Device: LPC1768
VTarget = 3.315V
State of Pins: 
TCK: 0, TDI: 1, TDO: 0, TMS: 1, TRES: 1, TRST: 0
Hardware-Breakpoints: 6
Software-Breakpoints: 8192
Watchpoints:          4
JTAG speed: 2000 kHz
 
Erase Done.
Programming Done.
Verify OK.
</pre>
</body>
</html>
rdware: V10.10
S/N : 260118151 
OEM : SEGGER-EDU 
Feature(s) : FlashBP, GDB 
 
***JLink Error: Supply voltage too low (1 Volt is required, Measured: 0.9 Volt).
Please check target power.
Error: Flash Download failed  -  Target DLL has been cancelled
Load "C:\\Users\\Admin\\Desktop\\MAHA\\M2_BOARD _done\\M2_BOARD\\M2_test.axf" 
Set JLink Project File to "C:\Users\Admin\Desktop\MAHA\M2_BOARD _done\M2_BOARD\JLinkSettings.ini"
* JLink Info: Device "LPC1768" selected (512 KB flash, 32 KB RAM).
 
JLink info:
------------
DLL: V4.80g, compiled Feb 13 2014 20:50:02
Firmware: J-Link V10 compiled Jan 30 2023 11:28:07
Hardware: V10.10
S/N : 260118151 
OEM : SEGGER-EDU 
Feature(s) : FlashBP, GDB 
 
***JLink Error: Supply voltage too low (1 Volt is required, Measured: 0.8 Volt).
Please check target power.
Error: Flash Download failed  -  Target DLL has been cancelled
Load "C:\\Users\\Admin\\Desktop\\MAHA\\M2_BOARD _done\\M2_BOARD\\M2_test.axf" 
Set JLink Project File to "C:\Users\Admin\Desktop\MAHA\M2_BOARD _done\M2_BOARD\JLinkSettings.ini"
* JLink Info: Device "LPC1768" selected (512 KB flash, 32 KB RAM).
 
JLink info:
------------
DLL: V4.80g, compiled Feb 13 2014 20:50:02
Firmware: J-Link V10 compiled Jan 30 2023 11:28:07
Hardware: V10.10
S/N : 260118151 
OEM : SEGGER-EDU 
Feature(s) : FlashBP, GDB 
 
***JLink Error: Supply voltage too low (1 Volt is required, Measured: 0.8 Volt).
Please check target power.
Error: Flash Download failed  -  Target DLL has been cancelled
Load "C:\\Users\\Admin\\Desktop\\MAHA\\M2_BOARD _done\\M2_BOARD\\M2_test.axf" 
Set JLink Project File to "C:\Users\Admin\Desktop\MAHA\M2_BOARD _done\M2_BOARD\JLinkSettings.ini"
* JLink Info: Device "LPC1768" selected (512 KB flash, 32 KB RAM).
 
JLink info:
------------
DLL: V4.80g, compiled Feb 13 2014 20:50:02
Firmware: J-Link V10 compiled Jan 30 2023 11:28:07
Hardware: V10.10
S/N : 260118151 
OEM : SEGGER-EDU 
Feature(s) : FlashBP, GDB 
 
***JLink Error: Supply voltage too low (1 Volt is required, Measured: 0.8 Volt).
Please check target power.
Error: Flash Download failed  -  Target DLL has been cancelled
Load "C:\\Users\\Admin\\Desktop\\MAHA\\M2_BOARD _done\\M2_BOARD\\M2_test.axf" 
Set JLink Project File to "C:\Users\Admin\Desktop\MAHA\M2_BOARD _done\M2_BOARD\JLinkSettings.ini"
* JLink Info: Device "LPC1768" selected (512 KB flash, 32 KB RAM).
 
JLink info:
------------
DLL: V4.80g, compiled Feb 13 2014 20:50:02
Firmware: J-Link V10 compiled Jan 30 2023 11:28:07
Hardware: V10.10
S/N : 260118151 
OEM : SEGGER-EDU 
Feature(s) : FlashBP, GDB 
 
***JLink Error: Supply voltage too low (1 Volt is required, Measured: 0.8 Volt).
Please check target power.
Error: Flash Download failed  -  Target DLL has been cancelled
compiling dac.c...
dac.c(57): warning:  #1-D: last line of file ends without a newline
  }
dac.c: 1 warning, 0 errors
"dac.c" - 0 Error(s), 1 Warning(s).
