<html>
<body>
<pre>
<h1>µVision Build Log</h1>
<h2>Project:</h2>
C:\Users\nilap\OneDrive - Sinnov8\Documents\M3_adc\ADC.uvproj
Project File Date:  08/22/2025

<h2>Output:</h2>
Rebuild target 'Target 1'
assembling startup_LPC17xx.s...
compiling adc.c...
adc.h(9): warning:  #1-D: last line of file ends without a newline
  #endif // __ADC_H__
adc.c(47): warning:  #61-D: integer operation result is out of range
      while (!(LPC_ADC->ADGDR & (1 << 31)));  // Wait until DONE bit is set
adc.c(47): warning:  #68-D: integer conversion resulted in a change of sign
      while (!(LPC_ADC->ADGDR & (1 << 31)));  // Wait until DONE bit is set
adc.c(50): warning:  #1-D: last line of file ends without a newline
  }
adc.c: 4 warnings, 0 errors
compiling uart.c...
uart.c(173): warning:  #1-D: last line of file ends without a newline
  }
uart.c: 1 warning, 0 errors
compiling Command_processor.c...
adc.h(9): warning:  #1-D: last line of file ends without a newline
  #endif // __ADC_H__
Command_processor.c: 1 warning, 0 errors
compiling system_LPC17xx 2 2.c...
compiling gpio.c...
compiling main.c...
pinsel.h(40): warning:  #1-D: last line of file ends without a newline
   
adc.h(9): warning:  #1-D: last line of file ends without a newline
  #endif // __ADC_H__
main.c: 2 warnings, 0 errors
compiling can.c...
can.c(125): warning:  #1-D: last line of file ends without a newline
  }
can.c: 1 warning, 0 errors
linking...
Program Size: Code=5016 RO-data=236 RW-data=36 ZI-data=2836  
FromELF: creating hex file...
".\ADC.axf" - 0 Error(s), 9 Warning(s).
Load "C:\\Users\\nilap\\OneDrive - Sinnov8\\Documents\\M3_adc\\ADC.axf" 
Set JLink Project File to "C:\Users\nilap\OneDrive - Sinnov8\Documents\M3_adc\JLinkSettings.ini"
* JLink Info: Device "LPC1768" selected (512 KB flash, 32 KB RAM).
 
JLink info:
------------
DLL: V4.80g, compiled Feb 13 2014 20:50:02
Firmware: J-Link V10 compiled Jan 30 2023 11:28:07
Hardware: V10.10
S/N : 260118151 
OEM : SEGGER-EDU 
Feature(s) : FlashBP, GDB 
 
* JLink Info: Found SWD-DP with ID 0x2BA01477
* JLink Info: Found Cortex-M3 r2p0, Little endian.
* JLink Info: FPUnit: 6 code (BP) slots and 2 literal slots
* JLink Info: TPIU fitted.
* JLink Info: ETM fitted.
ROMTableAddr = 0xE00FF003
 
Target info:
------------
Device: LPC1768
VTarget = 3.309V
State of Pins: 
TCK: 0, TDI: 1, TDO: 0, TMS: 1, TRES: 1, TRST: 0
Hardware-Breakpoints: 6
Software-Breakpoints: 8192
Watchpoints:          4
JTAG speed: 2000 kHz
 
Erase Done.
Programming Done.
Verify OK.
</pre>
</body>
</html>
