<html>
<body>
<pre>
<h1>µVision Build Log</h1>
<h2>Project:</h2>
C:\Users\Admin\Documents\LPC1758_code\LPC1758.uvproj
Project File Date:  07/24/2025

<h2>Output:</h2>
Rebuild target 'Target 1'
assembling startup_LPC17xx.s...
compiling UART2.c...
compiling Main.c...
compiling system_LPC17xx 2 1.c...
compiling gpio.c...
compiling command_processor.c...
linking...
Program Size: Code=2908 RO-data=340 RW-data=24 ZI-data=2800  
FromELF: creating hex file...
".\LPC1758.axf" - 0 Error(s), 0 Warning(s).
Load "C:\\Users\\Admin\\Documents\\LPC1758_code\\LPC1758.axf" 
Set JLink Project File to "C:\Users\Admin\Documents\LPC1758_code\JLinkSettings.ini"
* JLink Info: Device "LPC1758" selected (512 KB flash, 32 KB RAM).
 
JLink info:
------------
DLL: V4.80g, compiled Feb 13 2014 20:50:02
Firmware: J-Link V10 compiled Jan 30 2023 11:28:07
Hardware: V10.10
S/N : 260118151 
OEM : SEGGER-EDU 
Feature(s) : FlashBP, GDB 
 
* JLink Info: Found SWD-DP with ID 0x2BA01477
* JLink Info: Found Cortex-M3 r2p0, Little endian.
* JLink Info: FPUnit: 6 code (BP) slots and 2 literal slots
* JLink Info: TPIU fitted.
* JLink Info: ETM fitted.
ROMTableAddr = 0xE00FF003
 
Target info:
------------
Device: LPC1758
VTarget = 4.925V
State of Pins: 
TCK: 0, TDI: 1, TDO: 0, TMS: 1, TRES: 1, TRST: 0
Hardware-Breakpoints: 6
Software-Breakpoints: 8192
Watchpoints:          4
JTAG speed: 2000 kHz
 
Erase Done.
Programming Done.
Verify OK.
Application running ...
</pre>
</body>
</html>
T2.c" - 0 Error(s), 0 Warning(s).
TAG speed: 2000 kHz
 
Erase Done.
Programming Done.
Verify OK.
Application running ...
compiling command_processor.c...
"command_processor.c" - 0 Error(s), 0 Warning(s).
